[preconditioners] (structured/coupled) S3D quick direct ...
[preconditioners]   -> 1.52s, 10 calls, 0 fell back
[preconditioners] (structured/coupled) S3D quick gmres/block_jacobi ...
[preconditioners]   -> 0.26s, 7 calls, 0 fell back
[preconditioners] (structured/coupled) S3D quick petsc ...
[preconditioners]   -> 0.98s, 10 calls, 0 fell back
[preconditioners] (structured/coupled) S3D quick mumps ...
[preconditioners]   -> 0.34s, 7 calls, 0 fell back
[preconditioners] (structured/coupled) S3D full direct ...
[preconditioners]   -> 48.31s, 10 calls, 0 fell back
[preconditioners] (structured/coupled) S3D full gmres/block_jacobi ...
[preconditioners]   -> 1.59s, 7 calls, 0 fell back
[preconditioners] (structured/coupled) S3D full petsc ...
[preconditioners]   -> 0.81s, 8 calls, 0 fell back
[preconditioners] (structured/coupled) S3D full mumps ...
[preconditioners]   -> 2.05s, 7 calls, 0 fell back
[preconditioners] (structured/coupled) F3D quick direct ...
[preconditioners]   -> 7.97s, 24 calls, 0 fell back
[preconditioners] (structured/coupled) F3D quick gmres/block_jacobi ...
[preconditioners]   -> 46.42s, 24 calls, 0 fell back
[preconditioners] (structured/coupled) F3D quick petsc ...
[preconditioners]   -> 7.24s, 23 calls, 0 fell back
[preconditioners] (structured/coupled) F3D quick mumps ...
[preconditioners]   -> 2.26s, 23 calls, 0 fell back
[preconditioners] (structured/coupled) F3D full direct ...
[preconditioners]   -> 18.71s, 59 calls, 0 fell back
[preconditioners] (structured/coupled) F3D full gmres/block_jacobi ...
[preconditioners]   -> 91.01s, 56 calls, 0 fell back
[preconditioners] (structured/coupled) F3D full petsc ...
[preconditioners]   -> 16.11s, 56 calls, 0 fell back
[preconditioners] (structured/coupled) F3D full mumps ...
[preconditioners]   -> 5.61s, 56 calls, 0 fell back
# M31 P5-1 Phase A -- preconditioner sweep (per Newton iterate)

Generated by `python -m benchmarks.preconditioners`. See `M31-P5-1-SOLVER-SELECTION-PLAN.md` section 4 for what this measures and why.

## S3D (quick)

| config | calls | total_s | mean_s/call | min iters | max iters | fell back | aborted |
|---|---|---|---|---|---|---|---|
| direct | 10 | 1.52 | 0.152 | 1 | 1 | 0 | - |
| gmres/block_jacobi | 7 | 0.258 | 0.0369 | 27 | 79 | 0 | - |
| petsc | 10 | 0.982 | 0.0982 | 14 | 75 | 0 | - |
| mumps | 7 | 0.342 | 0.0488 | 1 | 1 | 0 | - |

Per-iterate detail:

**direct**

| call | seconds | converged | iterations | residual | fell_back |
|---|---|---|---|---|---|
| 0 | 0.1475 | True | 1 | 1.18e-12 | False |
| 1 | 0.1467 | True | 1 | 7.36e-13 | False |
| 2 | 0.1441 | True | 1 | 1.03e-12 | False |
| 3 | 0.1454 | True | 1 | 4.58e-13 | False |
| 4 | 0.1484 | True | 1 | 1.84e-11 | False |
| 5 | 0.1444 | True | 1 | 1.81e-13 | False |
| 6 | 0.1442 | True | 1 | 1.17e-15 | False |
| 7 | 0.1431 | True | 1 | 6.08e-16 | False |
| 8 | 0.1478 | True | 1 | 5.01e-16 | False |
| 9 | 0.1457 | True | 1 | 1.28e-14 | False |

**gmres/block_jacobi**

| call | seconds | converged | iterations | residual | fell_back |
|---|---|---|---|---|---|
| 0 | 0.01029 | True | 27 | 4.61e-11 | False |
| 1 | 0.01338 | True | 32 | 4.39e-11 | False |
| 2 | 0.01481 | True | 36 | 2.94e-11 | False |
| 3 | 0.02049 | True | 41 | 5.3e-11 | False |
| 4 | 0.0307 | True | 61 | 1.47e-11 | False |
| 5 | 0.03874 | True | 69 | 1.11e-11 | False |
| 6 | 0.08938 | True | 79 | 2.15e-11 | False |

**petsc**

| call | seconds | converged | iterations | residual | fell_back |
|---|---|---|---|---|---|
| 0 | 0.8449 | True | 14 | 2.06e-08 | False |
| 1 | 0.0039 | True | 19 | 2.57e-08 | False |
| 2 | 0.003697 | True | 20 | 1.79e-08 | False |
| 3 | 0.003531 | True | 21 | 1.41e-08 | False |
| 4 | 0.005381 | True | 34 | 5.14e-07 | False |
| 5 | 0.01022 | True | 66 | 8.71e-11 | False |
| 6 | 0.01279 | True | 72 | 1.56e-11 | False |
| 7 | 0.01291 | True | 71 | 1.37e-11 | False |
| 8 | 0.01227 | True | 70 | 2.17e-11 | False |
| 9 | 0.01496 | True | 75 | 4.54e-11 | False |

**mumps**

| call | seconds | converged | iterations | residual | fell_back |
|---|---|---|---|---|---|
| 0 | 0.05105 | True | 1 | 7.22e-15 | False |
| 1 | 0.04862 | True | 1 | 4.97e-15 | False |
| 2 | 0.04108 | True | 1 | 5.55e-15 | False |
| 3 | 0.04001 | True | 1 | 1.96e-15 | False |
| 4 | 0.04541 | True | 1 | 1.11e-13 | False |
| 5 | 0.03709 | True | 1 | 1.58e-14 | False |
| 6 | 0.03668 | True | 1 | 7.11e-15 | False |

## S3D (full)

| config | calls | total_s | mean_s/call | min iters | max iters | fell back | aborted |
|---|---|---|---|---|---|---|---|
| direct | 10 | 48.3 | 4.83 | 1 | 1 | 0 | - |
| gmres/block_jacobi | 7 | 1.59 | 0.227 | 53 | 130 | 0 | - |
| petsc | 8 | 0.811 | 0.101 | 23 | 150 | 0 | - |
| mumps | 7 | 2.05 | 0.292 | 1 | 1 | 0 | - |

Per-iterate detail:

**direct**

| call | seconds | converged | iterations | residual | fell_back |
|---|---|---|---|---|---|
| 0 | 4.86 | True | 1 | 6.57e-13 | False |
| 1 | 4.946 | True | 1 | 6.05e-13 | False |
| 2 | 4.813 | True | 1 | 4.92e-13 | False |
| 3 | 4.745 | True | 1 | 7.2e-12 | False |
| 4 | 4.864 | True | 1 | 3.38e-12 | False |
| 5 | 4.952 | True | 1 | 2.01e-15 | False |
| 6 | 4.722 | True | 1 | 1.7e-15 | False |
| 7 | 4.73 | True | 1 | 2.34e-15 | False |
| 8 | 4.738 | True | 1 | 1.36e-15 | False |
| 9 | 4.661 | True | 1 | 1.8e-14 | False |

**gmres/block_jacobi**

| call | seconds | converged | iterations | residual | fell_back |
|---|---|---|---|---|---|
| 0 | 0.08339 | True | 63 | 1.26e-12 | False |
| 1 | 0.09449 | True | 53 | 8.69e-12 | False |
| 2 | 0.09934 | True | 58 | 4.67e-11 | False |
| 3 | 0.1504 | True | 76 | 8.94e-11 | False |
| 4 | 0.2352 | True | 93 | 4.99e-11 | False |
| 5 | 0.2833 | True | 114 | 4.15e-12 | False |
| 6 | 0.447 | True | 130 | 5.67e-11 | False |

**petsc**

| call | seconds | converged | iterations | residual | fell_back |
|---
