[preconditioners] (faithful) S3D full direct ...
[preconditioners]   -> 44.56s, 10 calls, dofs=[27783]
[preconditioners] (faithful) S3D full gmres/block_jacobi ...
[preconditioners]   -> 1.60s, 7 calls, dofs=[27783]
[preconditioners] (faithful) S3D full bicgstab/block_jacobi ...
[preconditioners]   -> 5.14s, 8 calls, dofs=[27783]
[preconditioners] (faithful) S3D full petsc ...
[preconditioners]   -> 1.67s, 8 calls, dofs=[27783]
[preconditioners] (faithful) U2DP full direct ...
[preconditioners]   -> 0.12s, 2 calls, dofs=[11341]
[preconditioners] (faithful) U2DP full gmres/block_jacobi ...
[preconditioners]   -> 0.05s, 2 calls, dofs=[11341]
[preconditioners] (faithful) U2DP full gmres/ilu ...
[preconditioners]   -> 0.05s, 2 calls, dofs=[11341]
[preconditioners] (faithful) U2DP full gmres/schur ...
[preconditioners]   -> 0.05s, 2 calls, dofs=[11341]
[preconditioners] (faithful) U2DP full bicgstab/block_jacobi ...
[preconditioners]   -> 0.04s, 2 calls, dofs=[11341]
[preconditioners] (faithful) U2DP full bicgstab/ilu ...
[preconditioners]   -> 0.04s, 2 calls, dofs=[11341]
[preconditioners] (faithful) U2DP full bicgstab/schur ...
[preconditioners]   -> 0.04s, 2 calls, dofs=[11341]
[preconditioners] (faithful) U2DP full petsc ...
[preconditioners]   -> 0.01s, 2 calls, dofs=[11341]
