[preconditioners] (faithful) B2 quick direct ...
[preconditioners]   -> 0.01s, 10 calls, dofs=[1206]
[preconditioners] (faithful) B2 quick gmres/block_jacobi ...
[preconditioners]   -> 40.60s, 1 calls, dofs=[1206], ABORTED: LinearSolveError: gmres did not converge within 2000 iterations (scipy code=2000, relative residual=2.548e-06, target rtol=1.000e-10) -- refusing to return the unconverged iterate
[preconditioners] (faithful) B2 quick gmres/ilu ...
[preconditioners]   -> 0.01s, 2 calls, dofs=[1206], ABORTED: LinearSolveError: gmres did not converge within 2000 iterations (scipy code=2000, relative residual=1.196e+00, target rtol=1.000e-10) -- refusing to return the unconverged iterate
[preconditioners] (faithful) B2 quick gmres/schur ...
[preconditioners]   -> 3.02s, 13 calls, dofs=[1206]
[preconditioners] (faithful) B2 quick bicgstab/block_jacobi ...
[preconditioners]   -> 0.21s, 10 calls, dofs=[1206], ABORTED: LinearSolveError: bicgstab did not converge within 2000 iterations (scipy code=-10, relative residual=3.559e-02, target rtol=1.000e-10) -- refusing to return the unconverged iterate
[preconditioners] (faithful) B2 quick bicgstab/ilu ...
[preconditioners]   -> 0.01s, 2 calls, dofs=[1206], ABORTED: LinearSolveError: bicgstab did not converge within 2000 iterations (scipy code=-11, relative residual=9.928e-01, target rtol=1.000e-10) -- refusing to return the unconverged iterate
[preconditioners] (faithful) B2 quick bicgstab/schur ...
[preconditioners]   -> 0.42s, 12 calls, dofs=[1206], ABORTED: LinearSolveError: bicgstab did not converge within 2000 iterations (scipy code=-10, relative residual=1.598e-03, target rtol=1.000e-10) -- refusing to return the unconverged iterate
[preconditioners] (faithful) B2 quick petsc ...
[preconditioners]   -> 1.08s, 1 calls, dofs=[1206], ABORTED: LinearSolveError: petsc did not converge within 2000 iterations (KSPConvergedReason=-3, relative residual=2.536e-06, target rtol=1.000e-10) -- refusing to return the unconverged iterate
[preconditioners] (faithful) B3 quick direct ...
/home/nihal/Desktop/TCAD-Dev/TCAD-Dev/pytcad/pytcad/device2d.py:196: UserWarning: Doping exceeds ~1e19 cm^-3: Boltzmann statistics used here overestimate the carrier density. Treat results in the degenerate regions as qualitative.
  warnings.warn(
[preconditioners]   -> 0.22s, 5 calls, dofs=[11640]
[preconditioners] (faithful) B3 quick gmres/block_jacobi ...
/home/nihal/Desktop/TCAD-Dev/TCAD-Dev/pytcad/pytcad/device2d.py:196: UserWarning: Doping exceeds ~1e19 cm^-3: Boltzmann statistics used here overestimate the carrier density. Treat results in the degenerate regions as qualitative.
  warnings.warn(
[preconditioners]   -> 7.57s, 5 calls, dofs=[11640]
[preconditioners] (faithful) B3 quick gmres/ilu ...
/home/nihal/Desktop/TCAD-Dev/TCAD-Dev/pytcad/pytcad/device2d.py:196: UserWarning: Doping exceeds ~1e19 cm^-3: Boltzmann statistics used here overestimate the carrier density. Treat results in the degenerate regions as qualitative.
  warnings.warn(
[preconditioners]   -> 0.74s, 6 calls, dofs=[11640]
[preconditioners] (faithful) B3 quick gmres/schur ...
/home/nihal/Desktop/TCAD-Dev/TCAD-Dev/pytcad/pytcad/device2d.py:196: UserWarning: Doping exceeds ~1e19 cm^-3: Boltzmann statistics used here overestimate the carrier density. Treat results in the degenerate regions as qualitative.
  warnings.warn(
[preconditioners]   -> 528.65s, 5 calls, dofs=[11640], ABORTED: LinearSolveError: gmres did not converge within 2000 iterations (scipy code=2000, relative residual=7.218e-10, target rtol=1.000e-10) -- refusing to return the unconverged iterate
[preconditioners] (faithful) B3 quick bicgstab/block_jacobi ...
/home/nihal/Desktop/TCAD-Dev/TCAD-Dev/pytcad/pytcad/device2d.py:196: UserWarning: Doping exceeds ~1e19 cm^-3: Boltzmann statistics used here overestimate the carrier density. Treat results in the degenerate regions as qualitative.
  warnings.warn(
[preconditioners]   -> 0.49s, 5 calls, dofs=[11640], ABORTED: LinearSolveError: bicgstab did not converge within 2000 iterations (scipy code=-10, relative residual=4.721e-04, target rtol=1.000e-10) -- refusing to return the unconverged iterate
[preconditioners] (faithful) B3 quick bicgstab/ilu ...
/home/nihal/Desktop/TCAD-Dev/TCAD-Dev/pytcad/pytcad/device2d.py:196: UserWarning: Doping exceeds ~1e19 cm^-3: Boltzmann statistics used here overestimate the carrier density. Treat results in the degenerate regions as qualitative.
  warnings.warn(
[preconditioners]   -> 0.93s, 8 calls, dofs=[11640]
[preconditioners] (faithful) B3 quick bicgstab/schur ...
/home/nihal/Desktop/TCAD-Dev/TCAD-Dev/pytcad/pytcad/device2d.py:196: UserWarning: Doping exceeds ~1e19 cm^-3: Boltzmann statistics used here overestimate the carrier density. Treat results in the degenerate regions as qualitative.
  warnings.warn(
[preconditioners]   -> 3.71s, 5 calls, dofs=[11640], ABORTED: LinearSolveError: bicgstab did not converge within 2000 iterations (scipy code=-10, relative residual=7.497e-03, target rtol=1.000e-10) -- refusing to return the unconverged iterate
[preconditioners] (faithful) B3 quick petsc ...
/home/nihal/Desktop/TCAD-Dev/TCAD-Dev/pytcad/pytcad/device2d.py:196: UserWarning: Doping exceeds ~1e19 cm^-3: Boltzmann statistics used here overestimate the carrier density. Treat results in the degenerate regions as qualitative.
  warnings.warn(
[preconditioners]   -> 1.51s, 5 calls, dofs=[11640]
[preconditioners] (faithful) S3D quick direct ...
[preconditioners]   -> 1.45s, 10 calls, dofs=[6591]
[preconditioners] (faithful) S3D quick gmres/block_jacobi ...
[preconditioners]   -> 0.25s, 7 calls, dofs=[6591]
[preconditioners] (faithful) S3D quick gmres/ilu ...
[preconditioners]   -> 18.17s, 14 calls, dofs=[6591]
[preconditioners] (faithful) S3D quick gmres/schur ...
[preconditioners]   -> 4.07s, 7 calls, dofs=[6591]
[preconditioners] (faithful) S3D quick bicgstab/block_jacobi ...
[preconditioners]   -> 0.24s, 9 calls, dofs=[6591]
[preconditioners] (faithful) S3D quick bicgstab/ilu ...
[preconditioners]   -> 51.33s, 20 calls, dofs=[6591]
[preconditioners] (faithful) S3D quick bicgstab/schur ...
[preconditioners]   -> 2.08s, 10 calls, dofs=[6591]
[preconditioners] (faithful) S3D quick petsc ...
[preconditioners]   -> 0.13s, 10 calls, dofs=[6591]
[preconditioners] (faithful) U2DP quick direct ...
[preconditioners]   -> 0.01s, 2 calls, dofs=[1001]
[preconditioners] (faithful) U2DP quick gmres/block_jacobi ...
[preconditioners]   -> 0.01s, 2 calls, dofs=[1001]
[preconditioners] (faithful) U2DP quick gmres/ilu ...
[preconditioners]   -> 0.01s, 2 calls, dofs=[1001]
[preconditioners] (faithful) U2DP quick gmres/schur ...
[preconditioners]   -> 0.01s, 2 calls, dofs=[1001]
[preconditioners] (faithful) U2DP quick bicgstab/block_jacobi ...
[preconditioners]   -> 0.01s, 2 calls, dofs=[1001]
[preconditioners] (faithful) U2DP quick bicgstab/ilu ...
[preconditioners]   -> 0.01s, 2 calls, dofs=[1001]
[preconditioners] (faithful) U2DP quick bicgstab/schur ...
[preconditioners]   -> 0.01s, 2 calls, dofs=[1001]
[preconditioners] (faithful) U2DP quick petsc ...
[preconditioners]   -> 0.00s, 2 calls, dofs=[1001]
[preconditioners] (faithful) B9 quick direct ...
[preconditioners]   -> 0.71s, 15 calls, dofs=[2889]
[preconditioners] (faithful) B9 quick gmres/block_jacobi ...
[preconditioners]   -> 0.34s, 14 calls, dofs=[2889]
[preconditioners] (faithful) B9 quick gmres/ilu ...
[preconditioners]   -> 123.94s, 1 calls, dofs=[2889], ABORTED: budget exceeded
[preconditioners] (faithful) B9 quick gmres/schur ...
[preconditioners]   -> 0.68s, 14 calls, dofs=[2889]
[preconditioners] (faithful) B9 quick bicgstab/block_jacobi ...
[preconditioners]   -> 0.18s, 15 calls, dofs=[2889]
[preconditioners] (faithful) B9 quick bicgstab/ilu ...
[preconditioners]   -> 23.64s, 30 calls, dofs=[2889]
[preconditioners] (faithful) B9 quick bicgstab/schur ...
[preconditioners]   -> 0.46s, 15 calls, dofs=[2889]
[preconditioners] (faithful) B9 quick petsc ...
[preconditioners]   -> 0.18s, 14 calls, dofs=[2889]
[preconditioners] wrote benchmarks/phase_a2_out/quick.json
