[preconditioners] (faithful) U3DP quick direct ...
[preconditioners]   -> 0.04s, 7 calls, dofs=[963]
[preconditioners] (faithful) U3DP quick gmres/block_jacobi ...
[preconditioners]   -> 0.05s, 7 calls, dofs=[963]
[preconditioners] (faithful) U3DP quick gmres/ilu ...
[preconditioners]   -> 0.05s, 7 calls, dofs=[963]
[preconditioners] (faithful) U3DP quick gmres/schur ...
[preconditioners]   -> 0.05s, 7 calls, dofs=[963]
[preconditioners] (faithful) U3DP quick bicgstab/block_jacobi ...
[preconditioners]   -> 0.05s, 8 calls, dofs=[963]
[preconditioners] (faithful) U3DP quick bicgstab/ilu ...
[preconditioners]   -> 0.05s, 8 calls, dofs=[963]
[preconditioners] (faithful) U3DP quick bicgstab/schur ...
[preconditioners]   -> 0.05s, 8 calls, dofs=[963]
[preconditioners] (faithful) U3DP quick petsc ...
[preconditioners]   -> 0.97s, 7 calls, dofs=[963]
[preconditioners] (faithful) U3DP full direct ...
[preconditioners]   -> 0.16s, 7 calls, dofs=[2488]
[preconditioners] (faithful) U3DP full gmres/block_jacobi ...
[preconditioners]   -> 0.09s, 7 calls, dofs=[2488]
[preconditioners] (faithful) U3DP full gmres/ilu ...
[preconditioners]   -> 0.09s, 7 calls, dofs=[2488]
[preconditioners] (faithful) U3DP full gmres/schur ...
[preconditioners]   -> 0.09s, 7 calls, dofs=[2488]
[preconditioners] (faithful) U3DP full bicgstab/block_jacobi ...
[preconditioners]   -> 0.11s, 8 calls, dofs=[2488]
[preconditioners] (faithful) U3DP full bicgstab/ilu ...
[preconditioners]   -> 0.11s, 8 calls, dofs=[2488]
[preconditioners] (faithful) U3DP full bicgstab/schur ...
[preconditioners]   -> 0.11s, 8 calls, dofs=[2488]
[preconditioners] (faithful) U3DP full petsc ...
[preconditioners]   -> 0.04s, 7 calls, dofs=[2488]
[preconditioners] wrote benchmarks/phase_a2_out/u3dp.json
