[preconditioners] B8 full direct ...
[preconditioners]   -> 3.43s, 11 calls, 0 fell back
[preconditioners] B8 full gmres/block_jacobi ...
[preconditioners]   -> 105.92s, 12 calls, 0 fell back
[preconditioners] B8 full gmres/ilu ...
[preconditioners]   -> 8.41s, 11 calls, 0 fell back
[preconditioners] B8 full gmres/schur ...
[preconditioners]   -> 170.15s, 1 calls, 1 fell back, ABORTED: budget exceeded
[preconditioners] B8 full bicgstab/block_jacobi ...
[preconditioners]   -> 6.30s, 11 calls, 11 fell back
[preconditioners] B8 full bicgstab/ilu ...
[preconditioners]   -> 7.96s, 11 calls, 0 fell back
[preconditioners] B8 full bicgstab/schur ...
[preconditioners]   -> 15.12s, 11 calls, 11 fell back
[preconditioners] B8 full petsc ...
[preconditioners]   -> 8.00s, 11 calls, 11 fell back
[preconditioners] B9 full direct ...
[preconditioners]   -> 7.85s, 17 calls, 0 fell back
[preconditioners] B9 full gmres/block_jacobi ...
[preconditioners]   -> 2.59s, 15 calls, 0 fell back
[preconditioners] B9 full gmres/ilu ...
[preconditioners]   -> 239.77s, 2 calls, 2 fell back, ABORTED: budget exceeded
[preconditioners] B9 full gmres/schur ...
[preconditioners]   -> 8.12s, 16 calls, 0 fell back
[preconditioners] B9 full bicgstab/block_jacobi ...
[preconditioners]   -> 1.06s, 15 calls, 1 fell back
[preconditioners] B9 full bicgstab/ilu ...
[preconditioners]   -> 50.45s, 17 calls, 17 fell back
[preconditioners] B9 full bicgstab/schur ...
[preconditioners]   -> 4.39s, 16 calls, 2 fell back
[preconditioners] B9 full petsc ...
[preconditioners]   -> 0.68s, 16 calls, 0 fell back
[preconditioners] wrote benchmarks/phase_a_out/full.json
