[preconditioners] B8 quick direct ...
[preconditioners]   -> 0.14s, 11 calls, 0 fell back
[preconditioners] B8 quick gmres/block_jacobi ...
[preconditioners]   -> 0.69s, 11 calls, 0 fell back
[preconditioners] B8 quick gmres/ilu ...
[preconditioners]   -> 0.23s, 11 calls, 0 fell back
[preconditioners] B8 quick gmres/schur ...
[preconditioners]   -> 35.25s, 5 calls, 5 fell back, ABORTED: budget exceeded
[preconditioners] B8 quick bicgstab/block_jacobi ...
[preconditioners]   -> 0.14s, 11 calls, 1 fell back
[preconditioners] B8 quick bicgstab/ilu ...
[preconditioners]   -> 0.23s, 11 calls, 1 fell back
[preconditioners] B8 quick bicgstab/schur ...
[preconditioners]   -> 0.65s, 11 calls, 11 fell back
[preconditioners] B8 quick petsc ...
[preconditioners]   -> 1.22s, 11 calls, 4 fell back
[preconditioners] B9 quick direct ...
[preconditioners]   -> 0.76s, 15 calls, 0 fell back
[preconditioners] B9 quick gmres/block_jacobi ...
[preconditioners]   -> 0.35s, 14 calls, 0 fell back
[preconditioners] B9 quick gmres/ilu ...
[preconditioners]   -> 40.05s, 3 calls, 3 fell back, ABORTED: budget exceeded
[preconditioners] B9 quick gmres/schur ...
[preconditioners]   -> 0.69s, 14 calls, 0 fell back
[preconditioners] B9 quick bicgstab/block_jacobi ...
[preconditioners]   -> 0.18s, 14 calls, 1 fell back
[preconditioners] B9 quick bicgstab/ilu ...
[preconditioners]   -> 3.91s, 15 calls, 15 fell back
[preconditioners] B9 quick bicgstab/schur ...
[preconditioners]   -> 0.45s, 14 calls, 1 fell back
[preconditioners] B9 quick petsc ...
[preconditioners]   -> 0.19s, 14 calls, 0 fell back
[preconditioners] wrote benchmarks/phase_a_out/quick.json
